[WARNING] 
[WARNING] Some problems were encountered while building the effective settings
[WARNING] Unrecognised tag: 'mirrors' (position: START_TAG seen ...</mirror>\r\n     -->\r\n\t\t<mirrors>... @161:12)  @ D:\maven\apache-maven-3.9.11-bin\apache-maven-3.9.11\conf\settings.xml, line 161, column 12
[WARNING] 
[INFO] Scanning for projects...
[INFO] 
[INFO] -----------------------< javaweb:questionnaire >------------------------
[INFO] Building questionnaire Maven Webapp 1.0-SNAPSHOT
[INFO]   from pom.xml
[INFO] --------------------------------[ war ]---------------------------------
[INFO] 
[INFO] >>> spring-boot:2.0.2.RELEASE:run (default-cli) > test-compile @ questionnaire >>>
[WARNING] The artifact mysql:mysql-connector-java:jar:8.0.33 has been relocated to com.mysql:mysql-connector-j:jar:8.0.33: MySQL Connector/J artifacts moved to reverse-DNS compliant Maven 2+ coordinates.
[INFO] 
[INFO] --- resources:3.0.1:resources (default-resources) @ questionnaire ---
[INFO] Using 'UTF-8' encoding to copy filtered resources.
[INFO] Copying 1 resource
[INFO] Copying 4 resources
[INFO] 
[INFO] --- compiler:3.7.0:compile (default-compile) @ questionnaire ---
[INFO] Nothing to compile - all classes are up to date
[INFO] 
[INFO] --- resources:3.0.1:testResources (default-testResources) @ questionnaire ---
[INFO] Using 'UTF-8' encoding to copy filtered resources.
[INFO] skip non existing resourceDirectory C:\Users\Administrator\Desktop\JAVAwebqimo\javawebqimo\src\test\resources
[INFO] 
[INFO] --- compiler:3.7.0:testCompile (default-testCompile) @ questionnaire ---
[INFO] No sources to compile
[INFO] 
[INFO] <<< spring-boot:2.0.2.RELEASE:run (default-cli) < test-compile @ questionnaire <<<
[INFO] 
[INFO] 
[INFO] --- spring-boot:2.0.2.RELEASE:run (default-cli) @ questionnaire ---
错误: JavaFX 已从 JDK 8 中删除。
请访问 https://www.oracle.com/javase/javafx 了解更多信息。

  .   ____          _            __ _ _
 /\\ / ___'_ __ _ _(_)_ __  __ _ \ \ \ \
( ( )\___ | '_ | '_| | '_ \/ _` | \ \ \ \
 \\/  ___)| |_)| | | | | || (_| |  ) ) ) )
  '  |____| .__|_| |_|_| |_\__, | / / / /
 =========|_|==============|___/=/_/_/_/
 :: Spring Boot ::        (v2.0.2.RELEASE)

2025-12-03 14:53:52.995  INFO 28004 --- [           main] com.questionnaire.Application            : Starting Application on DESKTOP-V4DJHCS with PID 28004 (C:\Users\Administrator\Desktop\JAVAwebqimo\javawebqimo\target\classes started by Administrator in C:\Users\Administrator\Desktop\JAVAwebqimo\javawebqimo)
2025-12-03 14:53:52.997  INFO 28004 --- [           main] com.questionnaire.Application            : No active profile set, falling back to default profiles: default
2025-12-03 14:53:53.025  INFO 28004 --- [           main] ConfigServletWebServerApplicationContext : Refreshing org.springframework.boot.web.servlet.context.AnnotationConfigServletWebServerApplicationContext@703db87c: startup date [Wed Dec 03 14:53:53 CST 2025]; root of context hierarchy
2025-12-03 14:53:54.129  INFO 28004 --- [           main] o.s.b.w.embedded.tomcat.TomcatWebServer  : Tomcat initialized with port(s): 8080 (http)
2025-12-03 14:53:54.144  INFO 28004 --- [           main] o.apache.catalina.core.StandardService   : Starting service [Tomcat]
2025-12-03 14:53:54.144  INFO 28004 --- [           main] org.apache.catalina.core.StandardEngine  : Starting Servlet Engine: Apache Tomcat/8.5.31
2025-12-03 14:53:54.150  INFO 28004 --- [ost-startStop-1] o.a.catalina.core.AprLifecycleListener   : The APR based Apache Tomcat Native library which allows optimal performance in production environments was not found on the java.library.path: [C:\Program Files\Java\jdk-1.8\bin;C:\WINDOWS\Sun\Java\bin;C:\WINDOWS\system32;C:\WINDOWS;C:\Program Files\Java\jdk-1.8;D:\maven\apache-maven-3.9.11-bin\apache-maven-3.9.11\bin;C:\Program Files\MySQL\MySQL Server 8.0\bin;C:\Windows\System32;C:\Windows;C:\Program Files (x86)\Tencent\微信web开发者工具\dll;C:\Pro;ram Files\Cloudflare\Cloudflare WARP\;C:\Program Files\Git\cmd;C:\Program Files\nodejs\;C:\Program Files\NVIDIA Corporation\NVIDIA App\NvDLISR;C:\Program Files (x86)\NetSarang\Xshell 8\;C:\Users\Administrator\.local\bin;C:\Program Files\Java\jdk-1.8\bin;D:\maven\apache-maven-3.9.11-bin\apache-maven-3.9.11\bin;C:\Windows\System32;C:\Users\Administrator\AppData\Roaming\npm;C:\Users\Administrator\AppData\Local\Microsoft\dotnet;C:\Users\Administrator\AppData\Local\Microsoft\dotnet;C:\Users\Administrator\.dotnet\tools;.]
2025-12-03 14:53:54.261  INFO 28004 --- [ost-startStop-1] org.apache.jasper.servlet.TldScanner     : At least one JAR was scanned for TLDs yet contained no TLDs. Enable debug logging for this logger for a complete list of JARs that were scanned but no TLDs were found in them. Skipping unneeded JARs during scanning can improve startup time and JSP compilation time.
2025-12-03 14:53:54.265  INFO 28004 --- [ost-startStop-1] o.a.c.c.C.[Tomcat].[localhost].[/]       : Initializing Spring embedded WebApplicationContext
2025-12-03 14:53:54.265  INFO 28004 --- [ost-startStop-1] o.s.web.context.ContextLoader            : Root WebApplicationContext: initialization completed in 1242 ms
2025-12-03 14:53:54.350  INFO 28004 --- [ost-startStop-1] o.s.b.w.servlet.FilterRegistrationBean   : Mapping filter: 'characterEncodingFilter' to: [/*]
2025-12-03 14:53:54.350  INFO 28004 --- [ost-startStop-1] o.s.b.w.servlet.FilterRegistrationBean   : Mapping filter: 'hiddenHttpMethodFilter' to: [/*]
2025-12-03 14:53:54.351  INFO 28004 --- [ost-startStop-1] o.s.b.w.servlet.FilterRegistrationBean   : Mapping filter: 'httpPutFormContentFilter' to: [/*]
2025-12-03 14:53:54.351  INFO 28004 --- [ost-startStop-1] o.s.b.w.servlet.FilterRegistrationBean   : Mapping filter: 'requestContextFilter' to: [/*]
2025-12-03 14:53:54.351  INFO 28004 --- [ost-startStop-1] .s.DelegatingFilterProxyRegistrationBean : Mapping filter: 'springSecurityFilterChain' to: [/*]
2025-12-03 14:53:54.351  INFO 28004 --- [ost-startStop-1] o.s.b.w.servlet.ServletRegistrationBean  : Servlet dispatcherServlet mapped to [/]
2025-12-03 14:53:54.513  INFO 28004 --- [           main] com.zaxxer.hikari.HikariDataSource       : HikariPool-1 - Starting...
2025-12-03 14:53:54.647  INFO 28004 --- [           main] com.zaxxer.hikari.HikariDataSource       : HikariPool-1 - Start completed.
2025-12-03 14:53:54.973 DEBUG 28004 --- [           main] edFilterInvocationSecurityMetadataSource : Adding web access control expression 'permitAll', for ExactUrl [processUrl='/user/login?error']
2025-12-03 14:53:54.974 DEBUG 28004 --- [           main] edFilterInvocationSecurityMetadataSource : Adding web access control expression 'permitAll', for ExactUrl [processUrl='/user/login']
2025-12-03 14:53:54.974 DEBUG 28004 --- [           main] edFilterInvocationSecurityMetadataSource : Adding web access control expression 'permitAll', for ExactUrl [processUrl='/user/login']
2025-12-03 14:53:54.974 DEBUG 28004 --- [           main] edFilterInvocationSecurityMetadataSource : Adding web access control expression 'permitAll', for Ant [pattern='/user/logout', POST]
2025-12-03 14:53:54.974 DEBUG 28004 --- [           main] edFilterInvocationSecurityMetadataSource : Adding web access control expression 'permitAll', for ExactUrl [processUrl='/user/login?logout']
2025-12-03 14:53:54.974 DEBUG 28004 --- [           main] edFilterInvocationSecurityMetadataSource : Adding web access control expression 'permitAll', for Ant [pattern='/user/login']
2025-12-03 14:53:54.974 DEBUG 28004 --- [           main] edFilterInvocationSecurityMetadataSource : Adding web access control expression 'permitAll', for Ant [pattern='/user/register']
2025-12-03 14:53:54.974 DEBUG 28004 --- [           main] edFilterInvocationSecurityMetadataSource : Adding web access control expression 'permitAll', for Ant [pattern='/css/**']
2025-12-03 14:53:54.975 DEBUG 28004 --- [           main] edFilterInvocationSecurityMetadataSource : Adding web access control expression 'permitAll', for Ant [pattern='/js/**']
2025-12-03 14:53:54.975 DEBUG 28004 --- [           main] edFilterInvocationSecurityMetadataSource : Adding web access control expression 'permitAll', for Ant [pattern='/images/**']
2025-12-03 14:53:54.975 DEBUG 28004 --- [           main] edFilterInvocationSecurityMetadataSource : Adding web access control expression 'authenticated', for org.springframework.security.web.util.matcher.AnyRequestMatcher@1
2025-12-03 14:53:54.981 DEBUG 28004 --- [           main] o.s.s.w.a.i.FilterSecurityInterceptor    : Validated configuration attributes
2025-12-03 14:53:54.981 DEBUG 28004 --- [           main] o.s.s.w.a.i.FilterSecurityInterceptor    : Validated configuration attributes
2025-12-03 14:53:54.989  INFO 28004 --- [           main] o.s.s.web.DefaultSecurityFilterChain     : Creating filter chain: org.springframework.security.web.util.matcher.AnyRequestMatcher@1, [org.springframework.security.web.context.request.async.WebAsyncManagerIntegrationFilter@863e823, org.springframework.security.web.context.SecurityContextPersistenceFilter@54c9f694, org.springframework.security.web.header.HeaderWriterFilter@24a7ccae, org.springframework.security.web.csrf.CsrfFilter@74d4b4a0, org.springframework.security.web.authentication.logout.LogoutFilter@7b76e332, org.springframework.security.web.authentication.UsernamePasswordAuthenticationFilter@d5ca5d1, org.springframework.security.web.savedrequest.RequestCacheAwareFilter@c15a70, org.springframework.security.web.servletapi.SecurityContextHolderAwareRequestFilter@1ccbd2f5, org.springframework.security.web.authentication.rememberme.RememberMeAuthenticationFilter@f9d8e5e, org.springframework.security.web.authentication.AnonymousAuthenticationFilter@2a5dde17, org.springframework.security.web.session.SessionManagementFilter@603435b5, org.springframework.security.web.access.ExceptionTranslationFilter@d7044f, org.springframework.security.web.access.intercept.FilterSecurityInterceptor@3d5a3367]
2025-12-03 14:53:55.055  INFO 28004 --- [           main] o.s.w.s.handler.SimpleUrlHandlerMapping  : Mapped URL path [/**/favicon.ico] onto handler of type [class org.springframework.web.servlet.resource.ResourceHttpRequestHandler]
2025-12-03 14:53:55.276  INFO 28004 --- [           main] s.w.s.m.m.a.RequestMappingHandlerAdapter : Looking for @ControllerAdvice: org.springframework.boot.web.servlet.context.AnnotationConfigServletWebServerApplicationContext@703db87c: startup date [Wed Dec 03 14:53:53 CST 2025]; root of context hierarchy
2025-12-03 14:53:55.325  INFO 28004 --- [           main] s.w.s.m.m.a.RequestMappingHandlerMapping : Mapped "{[/answer/submit/{questionnaireId}],methods=[POST]}" onto public java.lang.String com.questionnaire.controller.AnswerController.submitAnswer(java.lang.Integer,com.questionnaire.model.User,javax.servlet.http.HttpServletRequest,org.springframework.web.servlet.mvc.support.RedirectAttributes)
2025-12-03 14:53:55.327  INFO 28004 --- [           main] s.w.s.m.m.a.RequestMappingHandlerMapping : Mapped "{[/answer/fill/{questionnaireId}],methods=[GET]}" onto public java.lang.String com.questionnaire.controller.AnswerController.fillForm(java.lang.Integer,org.springframework.ui.Model,org.springframework.web.servlet.mvc.support.RedirectAttributes)
2025-12-03 14:53:55.328  INFO 28004 --- [           main] s.w.s.m.m.a.RequestMappingHandlerMapping : Mapped "{[/question/add],methods=[POST]}" onto public java.lang.String com.questionnaire.controller.QuestionController.addQuestion(com.questionnaire.model.User,java.lang.Integer,java.lang.String,java.lang.Integer,java.lang.Integer,java.lang.String[],org.springframework.web.servlet.mvc.support.RedirectAttributes)
2025-12-03 14:53:55.328  INFO 28004 --- [           main] s.w.s.m.m.a.RequestMappingHandlerMapping : Mapped "{[/question/delete/{id}],methods=[GET]}" onto public java.lang.String com.questionnaire.controller.QuestionController.deleteQuestion(com.questionnaire.model.User,java.lang.Integer,org.springframework.web.servlet.mvc.support.RedirectAttributes)
2025-12-03 14:53:55.330  INFO 28004 --- [           main] s.w.s.m.m.a.RequestMappingHandlerMapping : Mapped "{[/questionnaire/delete/{id}],methods=[GET]}" onto public java.lang.String com.questionnaire.controller.QuestionnaireController.delete(java.lang.Integer,com.questionnaire.model.User,org.springframework.web.servlet.mvc.support.RedirectAttributes)
2025-12-03 14:53:55.330  INFO 28004 --- [           main] s.w.s.m.m.a.RequestMappingHandlerMapping : Mapped "{[/questionnaire/list],methods=[GET]}" onto public java.lang.String com.questionnaire.controller.QuestionnaireController.list(com.questionnaire.model.User,org.springframework.ui.Model)
2025-12-03 14:53:55.330  INFO 28004 --- [           main] s.w.s.m.m.a.RequestMappingHandlerMapping : Mapped "{[/questionnaire/create],methods=[POST]}" onto public java.lang.String com.questionnaire.controller.QuestionnaireController.create(com.questionnaire.model.User,com.questionnaire.model.Questionnaire,org.springframework.web.servlet.mvc.support.RedirectAttributes)
2025-12-03 14:53:55.330  INFO 28004 --- [           main] s.w.s.m.m.a.RequestMappingHandlerMapping : Mapped "{[/questionnaire/publish/{id}],methods=[GET]}" onto public java.lang.String com.questionnaire.controller.QuestionnaireController.publish(java.lang.Integer,com.questionnaire.model.User,org.springframework.web.servlet.mvc.support.RedirectAttributes)
2025-12-03 14:53:55.330  INFO 28004 --- [           main] s.w.s.m.m.a.RequestMappingHandlerMapping : Mapped "{[/questionnaire/edit/{id}],methods=[POST]}" onto public java.lang.String com.questionnaire.controller.QuestionnaireController.edit(java.lang.Integer,com.questionnaire.model.User,com.questionnaire.model.Questionnaire,org.springframework.web.servlet.mvc.support.RedirectAttributes)
2025-12-03 14:53:55.330  INFO 28004 --- [           main] s.w.s.m.m.a.RequestMappingHandlerMapping : Mapped "{[/questionnaire/edit/{id}],methods=[GET]}" onto public java.lang.String com.questionnaire.controller.QuestionnaireController.editForm(java.lang.Integer,com.questionnaire.model.User,org.springframework.ui.Model,org.springframework.web.servlet.mvc.support.RedirectAttributes)
2025-12-03 14:53:55.330  INFO 28004 --- [           main] s.w.s.m.m.a.RequestMappingHandlerMapping : Mapped "{[/questionnaire/design/{id}],methods=[GET]}" onto public java.lang.String com.questionnaire.controller.QuestionnaireController.design(java.lang.Integer,com.questionnaire.model.User,org.springframework.ui.Model,org.springframework.web.servlet.mvc.support.RedirectAttributes)
2025-12-03 14:53:55.330  INFO 28004 --- [           main] s.w.s.m.m.a.RequestMappingHandlerMapping : Mapped "{[/questionnaire/create],methods=[GET]}" onto public java.lang.String com.questionnaire.controller.QuestionnaireController.createForm(org.springframework.ui.Model)
2025-12-03 14:53:55.331  INFO 28004 --- [           main] s.w.s.m.m.a.RequestMappingHandlerMapping : Mapped "{[/statistics/view/{questionnaireId}],methods=[GET]}" onto public java.lang.String com.questionnaire.controller.StatisticsController.viewStatistics(java.lang.Integer,com.questionnaire.model.User,org.springframework.ui.Model,org.springframework.web.servlet.mvc.support.RedirectAttributes)
2025-12-03 14:53:55.332  INFO 28004 --- [           main] s.w.s.m.m.a.RequestMappingHandlerMapping : Mapped "{[/user/register],methods=[POST]}" onto public java.lang.String com.questionnaire.controller.user.UserController.register(com.questionnaire.model.User,org.springframework.web.servlet.mvc.support.RedirectAttributes)
2025-12-03 14:53:55.332  INFO 28004 --- [           main] s.w.s.m.m.a.RequestMappingHandlerMapping : Mapped "{[/user/login],methods=[GET]}" onto public java.lang.String com.questionnaire.controller.user.UserController.loginPage()
2025-12-03 14:53:55.332  INFO 28004 --- [           main] s.w.s.m.m.a.RequestMappingHandlerMapping : Mapped "{[/user/register],methods=[GET]}" onto public java.lang.String com.questionnaire.controller.user.UserController.registerPage(org.springframework.ui.Model)
2025-12-03 14:53:55.333  INFO 28004 --- [           main] s.w.s.m.m.a.RequestMappingHandlerMapping : Mapped "{[/error]}" onto public org.springframework.http.ResponseEntity<java.util.Map<java.lang.String, java.lang.Object>> org.springframework.boot.autoconfigure.web.servlet.error.BasicErrorController.error(javax.servlet.http.HttpServletRequest)
2025-12-03 14:53:55.334  INFO 28004 --- [           main] s.w.s.m.m.a.RequestMappingHandlerMapping : Mapped "{[/error],produces=[text/html]}" onto public org.springframework.web.servlet.ModelAndView org.springframework.boot.autoconfigure.web.servlet.error.BasicErrorController.errorHtml(javax.servlet.http.HttpServletRequest,javax.servlet.http.HttpServletResponse)
2025-12-03 14:53:55.353  INFO 28004 --- [           main] o.s.w.s.handler.SimpleUrlHandlerMapping  : Mapped URL path [/webjars/**] onto handler of type [class org.springframework.web.servlet.resource.ResourceHttpRequestHandler]
2025-12-03 14:53:55.354  INFO 28004 --- [           main] o.s.w.s.handler.SimpleUrlHandlerMapping  : Mapped URL path [/**] onto handler of type [class org.springframework.web.servlet.resource.ResourceHttpRequestHandler]
2025-12-03 14:53:55.498  INFO 28004 --- [           main] o.s.j.e.a.AnnotationMBeanExporter        : Registering beans for JMX exposure on startup
2025-12-03 14:53:55.499  INFO 28004 --- [           main] o.s.j.e.a.AnnotationMBeanExporter        : Bean with name 'dataSource' has been autodetected for JMX exposure
2025-12-03 14:53:55.502  INFO 28004 --- [           main] o.s.j.e.a.AnnotationMBeanExporter        : Located MBean 'dataSource': registering with JMX server as MBean [com.zaxxer.hikari:name=dataSource,type=HikariDataSource]
2025-12-03 14:53:55.515 ERROR 28004 --- [           main] o.apache.catalina.core.StandardService   : Failed to start connector [Connector[HTTP/1.1-8080]]

org.apache.catalina.LifecycleException: Failed to start component [Connector[HTTP/1.1-8080]]
	at org.apache.catalina.util.LifecycleBase.start(LifecycleBase.java:167) ~[tomcat-embed-core-8.5.31.jar:8.5.31]
	at org.apache.catalina.core.StandardService.addConnector(StandardService.java:225) ~[tomcat-embed-core-8.5.31.jar:8.5.31]
	at org.springframework.boot.web.embedded.tomcat.TomcatWebServer.addPreviouslyRemovedConnectors(TomcatWebServer.java:256) [spring-boot-2.0.2.RELEASE.jar:2.0.2.RELEASE]
	at org.springframework.boot.web.embedded.tomcat.TomcatWebServer.start(TomcatWebServer.java:198) [spring-boot-2.0.2.RELEASE.jar:2.0.2.RELEASE]
	at org.springframework.boot.web.servlet.context.ServletWebServerApplicationContext.startWebServer(ServletWebServerApplicationContext.java:300) [spring-boot-2.0.2.RELEASE.jar:2.0.2.RELEASE]
	at org.springframework.boot.web.servlet.context.ServletWebServerApplicationContext.finishRefresh(ServletWebServerApplicationContext.java:162) [spring-boot-2.0.2.RELEASE.jar:2.0.2.RELEASE]
	at org.springframework.context.support.AbstractApplicationContext.refresh(AbstractApplicationContext.java:553) [spring-context-5.0.6.RELEASE.jar:5.0.6.RELEASE]
	at org.springframework.boot.web.servlet.context.ServletWebServerApplicationContext.refresh(ServletWebServerApplicationContext.java:140) [spring-boot-2.0.2.RELEASE.jar:2.0.2.RELEASE]
	at org.springframework.boot.SpringApplication.refresh(SpringApplication.java:759) [spring-boot-2.0.2.RELEASE.jar:2.0.2.RELEASE]
	at org.springframework.boot.SpringApplication.refreshContext(SpringApplication.java:395) [spring-boot-2.0.2.RELEASE.jar:2.0.2.RELEASE]
	at org.springframework.boot.SpringApplication.run(SpringApplication.java:327) [spring-boot-2.0.2.RELEASE.jar:2.0.2.RELEASE]
	at org.springframework.boot.SpringApplication.run(SpringApplication.java:1255) [spring-boot-2.0.2.RELEASE.jar:2.0.2.RELEASE]
	at org.springframework.boot.SpringApplication.run(SpringApplication.java:1243) [spring-boot-2.0.2.RELEASE.jar:2.0.2.RELEASE]
	at com.questionnaire.Application.main(Application.java:11) [classes/:na]
	at sun.reflect.NativeMethodAccessorImpl.invoke0(Native Method) ~[na:1.8.0_461]
	at sun.reflect.NativeMethodAccessorImpl.invoke(NativeMethodAccessorImpl.java:62) ~[na:1.8.0_461]
	at sun.reflect.DelegatingMethodAccessorImpl.invoke(DelegatingMethodAccessorImpl.java:43) ~[na:1.8.0_461]
	at java.lang.reflect.Method.invoke(Method.java:498) ~[na:1.8.0_461]
	at org.springframework.boot.maven.AbstractRunMojo$LaunchRunner.run(AbstractRunMojo.java:496) [spring-boot-maven-plugin-2.0.2.RELEASE.jar:2.0.2.RELEASE]
	at java.lang.Thread.run(Thread.java:750) [na:1.8.0_461]
Caused by: org.apache.catalina.LifecycleException: Protocol handler start failed
	at org.apache.catalina.connector.Connector.startInternal(Connector.java:1020) ~[tomcat-embed-core-8.5.31.jar:8.5.31]
	at org.apache.catalina.util.LifecycleBase.start(LifecycleBase.java:150) ~[tomcat-embed-core-8.5.31.jar:8.5.31]
	... 19 common frames omitted
Caused by: java.net.BindException: Address already in use: bind
	at sun.nio.ch.Net.bind0(Native Method) ~[na:1.8.0_461]
	at sun.nio.ch.Net.bind(Net.java:440) ~[na:1.8.0_461]
	at sun.nio.ch.Net.bind(Net.java:430) ~[na:1.8.0_461]
	at sun.nio.ch.ServerSocketChannelImpl.bind(ServerSocketChannelImpl.java:225) ~[na:1.8.0_461]
	at sun.nio.ch.ServerSocketAdaptor.bind(ServerSocketAdaptor.java:74) ~[na:1.8.0_461]
	at org.apache.tomcat.util.net.NioEndpoint.bind(NioEndpoint.java:210) ~[tomcat-embed-core-8.5.31.jar:8.5.31]
	at org.apache.tomcat.util.net.AbstractEndpoint.start(AbstractEndpoint.java:1150) ~[tomcat-embed-core-8.5.31.jar:8.5.31]
	at org.apache.coyote.AbstractProtocol.start(AbstractProtocol.java:591) ~[tomcat-embed-core-8.5.31.jar:8.5.31]
	at org.apache.catalina.connector.Connector.startInternal(Connector.java:1018) ~[tomcat-embed-core-8.5.31.jar:8.5.31]
	... 20 common frames omitted

2025-12-03 14:53:55.522  INFO 28004 --- [           main] o.apache.catalina.core.StandardService   : Stopping service [Tomcat]
2025-12-03 14:53:55.528  INFO 28004 --- [           main] ConditionEvaluationReportLoggingListener : 

Error starting ApplicationContext. To display the conditions report re-run your application with 'debug' enabled.
2025-12-03 14:53:55.529 ERROR 28004 --- [           main] o.s.b.d.LoggingFailureAnalysisReporter   : 

***************************
APPLICATION FAILED TO START
***************************

Description:

The Tomcat connector configured to listen on port 8080 failed to start. The port may already be in use or the connector may be misconfigured.

Action:

Verify the connector's configuration, identify and stop any process that's listening on port 8080, or configure this application to listen on another port.

2025-12-03 14:53:55.529  INFO 28004 --- [           main] ConfigServletWebServerApplicationContext : Closing org.springframework.boot.web.servlet.context.AnnotationConfigServletWebServerApplicationContext@703db87c: startup date [Wed Dec 03 14:53:53 CST 2025]; root of context hierarchy
2025-12-03 14:53:55.530  INFO 28004 --- [           main] o.s.j.e.a.AnnotationMBeanExporter        : Unregistering JMX-exposed beans on shutdown
2025-12-03 14:53:55.530  INFO 28004 --- [           main] o.s.j.e.a.AnnotationMBeanExporter        : Unregistering JMX-exposed beans
2025-12-03 14:53:55.532  INFO 28004 --- [           main] com.zaxxer.hikari.HikariDataSource       : HikariPool-1 - Shutdown initiated...
2025-12-03 14:53:55.538  INFO 28004 --- [           main] com.zaxxer.hikari.HikariDataSource       : HikariPool-1 - Shutdown completed.
[WARNING] 
java.lang.reflect.InvocationTargetException
    at sun.reflect.NativeMethodAccessorImpl.invoke0 (Native Method)
    at sun.reflect.NativeMethodAccessorImpl.invoke (NativeMethodAccessorImpl.java:62)
    at sun.reflect.DelegatingMethodAccessorImpl.invoke (DelegatingMethodAccessorImpl.java:43)
    at java.lang.reflect.Method.invoke (Method.java:498)
    at org.springframework.boot.maven.AbstractRunMojo$LaunchRunner.run (AbstractRunMojo.java:496)
    at java.lang.Thread.run (Thread.java:750)
Caused by: org.springframework.boot.web.embedded.tomcat.ConnectorStartFailedException: Connector configured to listen on port 8080 failed to start
    at org.springframework.boot.web.embedded.tomcat.TomcatWebServer.checkThatConnectorsHaveStarted (TomcatWebServer.java:228)
    at org.springframework.boot.web.embedded.tomcat.TomcatWebServer.start (TomcatWebServer.java:203)
    at org.springframework.boot.web.servlet.context.ServletWebServerApplicationContext.startWebServer (ServletWebServerApplicationContext.java:300)
    at org.springframework.boot.web.servlet.context.ServletWebServerApplicationContext.finishRefresh (ServletWebServerApplicationContext.java:162)
    at org.springframework.context.support.AbstractApplicationContext.refresh (AbstractApplicationContext.java:553)
    at org.springframework.boot.web.servlet.context.ServletWebServerApplicationContext.refresh (ServletWebServerApplicationContext.java:140)
    at org.springframework.boot.SpringApplication.refresh (SpringApplication.java:759)
    at org.springframework.boot.SpringApplication.refreshContext (SpringApplication.java:395)
    at org.springframework.boot.SpringApplication.run (SpringApplication.java:327)
    at org.springframework.boot.SpringApplication.run (SpringApplication.java:1255)
    at org.springframework.boot.SpringApplication.run (SpringApplication.java:1243)
    at com.questionnaire.Application.main (Application.java:11)
    at sun.reflect.NativeMethodAccessorImpl.invoke0 (Native Method)
    at sun.reflect.NativeMethodAccessorImpl.invoke (NativeMethodAccessorImpl.java:62)
    at sun.reflect.DelegatingMethodAccessorImpl.invoke (DelegatingMethodAccessorImpl.java:43)
    at java.lang.reflect.Method.invoke (Method.java:498)
    at org.springframework.boot.maven.AbstractRunMojo$LaunchRunner.run (AbstractRunMojo.java:496)
    at java.lang.Thread.run (Thread.java:750)
[INFO] ------------------------------------------------------------------------
[INFO] BUILD FAILURE
[INFO] ------------------------------------------------------------------------
[INFO] Total time:  3.709 s
[INFO] Finished at: 2025-12-03T14:53:55+08:00
[INFO] ------------------------------------------------------------------------
[ERROR] Failed to execute goal org.springframework.boot:spring-boot-maven-plugin:2.0.2.RELEASE:run (default-cli) on project questionnaire: An exception occurred while running. null: InvocationTargetException: Connector configured to listen on port 8080 failed to start -> [Help 1]
[ERROR] 
[ERROR] To see the full stack trace of the errors, re-run Maven with the -e switch.
[ERROR] Re-run Maven using the -X switch to enable full debug logging.
[ERROR] 
[ERROR] For more information about the errors and possible solutions, please read the following articles:
[ERROR] [Help 1] http://cwiki.apache.org/confluence/display/MAVEN/MojoExecutionException
